// Jest Snapshot v1, https://goo.gl/fbAQLP

exports[`PatientListTitle Component should render without crashing 1`] = `
<div>
  <div
    class="patient-list-tile-content"
  >
    <div
      class="warning"
    >
      <svg
        aria-hidden="true"
        fill="currentColor"
        focusable="false"
        height="16"
        preserveAspectRatio="xMidYMid meet"
        viewBox="0 0 16 16"
        width="16"
        xmlns="http://www.w3.org/2000/svg"
      >
        <path
          d="M14.5,14h-13c-0.2,0-0.3-0.1-0.4-0.2c-0.1-0.2-0.1-0.3,0-0.5l6.5-12C7.7,1,8,0.9,8.2,1.1c0.1,0,0.2,0.1,0.2,0.2l6.5,12	c0.1,0.2,0.1,0.3,0,0.5C14.9,13.9,14.7,14,14.5,14z M2.3,13h11.3L8,2.5L2.3,13z"
        />
        <path
          d="M7.5 6H8.5V9.5H7.5zM8 10.8c-.4 0-.8.3-.8.8s.3.8.8.8c.4 0 .8-.3.8-.8S8.4 10.8 8 10.8z"
        />
      </svg>
      <span
        class="drug-count"
      >
        3
      </span>
    </div>
    <div
      class="patient-info"
    >
      <a
        class="bx--link patient-id"
      >
        (PID123)
      </a>
      <span>
        John Doe - Male, 30
      </span>
    </div>
  </div>
</div>
`;
