// Jest Snapshot v1, https://goo.gl/fbAQLP

exports[`PatientsList should render without crashing 1`] = `
<div>
  <ul
    class="bx--accordion patient-list-dropdown bx--accordion--end bx--accordion--md"
  />
</div>
`;
