// Jest Snapshot v1, https://goo.gl/fbAQLP

exports[`Select reactions should render SelectReactions 1`] = `
<div>
  <div
    class="section-next-ui"
  >
    <div
      class="font-large selected-allergen"
    >
      Selected Allergen:
       
      Eggs
    </div>
    <div
      class="font-large bold"
    >
      Search Reaction
      <span
        class="red-text"
      >
        Â *
      </span>
    </div>
    <div>
      <div
        aria-labelledby="reaction-search-search"
        class="bx--search bx--search--xl"
        role="search"
      >
        <div
          class="bx--search-magnifier"
        >
          <svg
            aria-hidden="true"
            class="bx--search-magnifier-icon"
            fill="currentColor"
            focusable="false"
            height="16"
            preserveAspectRatio="xMidYMid meet"
            viewBox="0 0 16 16"
            width="16"
            xmlns="http://www.w3.org/2000/svg"
          >
            <path
              d="M15,14.3L10.7,10c1.9-2.3,1.6-5.8-0.7-7.7S4.2,0.7,2.3,3S0.7,8.8,3,10.7c2,1.7,5,1.7,7,0l4.3,4.3L15,14.3z M2,6.5	C2,4,4,2,6.5,2S11,4,11,6.5S9,11,6.5,11S2,9,2,6.5z"
            />
          </svg>
        </div>
        <label
          class="bx--label"
          for="reaction-search"
          id="reaction-search-search"
        />
        <input
          autocomplete="off"
          class="bx--search-input"
          id="reaction-search"
          placeholder="Type to search Reactions"
          role="searchbox"
          type="text"
          value=""
        />
        <button
          aria-label="Clear search input"
          class="bx--search-close bx--search-close--hidden"
          type="button"
        >
          <svg
            aria-hidden="true"
            fill="currentColor"
            focusable="false"
            height="16"
            preserveAspectRatio="xMidYMid meet"
            viewBox="0 0 32 32"
            width="16"
            xmlns="http://www.w3.org/2000/svg"
          >
            <path
              d="M24 9.4L22.6 8 16 14.6 9.4 8 8 9.4 14.6 16 8 22.6 9.4 24 16 17.4 22.6 24 24 22.6 17.4 16 24 9.4z"
            />
          </svg>
        </button>
      </div>
    </div>
    <div>
      <div
        class="font-small selected-allergen"
      >
        Common Reactions
      </div>
      <div
        class="bx--form-item bx--checkbox-wrapper"
      >
        <input
          class="bx--checkbox"
          id="101AA"
          type="checkbox"
        />
        <label
          class="bx--checkbox-label"
          for="101AA"
        >
          <span
            class="bx--checkbox-label-text"
            dir="auto"
          >
            GI Upset
          </span>
        </label>
      </div>
      <div
        class="bx--form-item bx--checkbox-wrapper"
      >
        <input
          class="bx--checkbox"
          id="102AA"
          type="checkbox"
        />
        <label
          class="bx--checkbox-label"
          for="102AA"
        >
          <span
            class="bx--checkbox-label-text"
            dir="auto"
          >
            Fever
          </span>
        </label>
      </div>
      <div
        class="bx--form-item bx--checkbox-wrapper"
      >
        <input
          class="bx--checkbox"
          id="103AA"
          type="checkbox"
        />
        <label
          class="bx--checkbox-label"
          for="103AA"
        >
          <span
            class="bx--checkbox-label-text"
            dir="auto"
          >
            Headache
          </span>
        </label>
      </div>
      <div
        class="bx--form-item bx--checkbox-wrapper"
      >
        <input
          class="bx--checkbox"
          id="104AA"
          type="checkbox"
        />
        <label
          class="bx--checkbox-label"
          for="104AA"
        >
          <span
            class="bx--checkbox-label-text"
            dir="auto"
          >
            Nausea
          </span>
        </label>
      </div>
      <div
        class="bx--form-item bx--checkbox-wrapper"
      >
        <input
          class="bx--checkbox"
          id="105AA"
          type="checkbox"
        />
        <label
          class="bx--checkbox-label"
          for="105AA"
        >
          <span
            class="bx--checkbox-label-text"
            dir="auto"
          >
            Cough
          </span>
        </label>
      </div>
    </div>
  </div>
</div>
`;
