// Jest Snapshot v1, https://goo.gl/fbAQLP

exports[`ViewAllergiesAndReactions should render ViewAllergiesAndReactions component 1`] = `
<div>
  <div
    class="next-ui"
  >
    <div
      class="allergies-row allergies-row-heading"
    >
      <div>
        Allergen
      </div>
      <div>
        Reaction(s)
      </div>
      <div>
        Severity
      </div>
    </div>
    <div>
      <ul
        class="bx--accordion bx--accordion--end bx--accordion--md"
      >
        <li
          class="bx--accordion__item"
        >
          <button
            aria-controls="accordion-item-1"
            aria-expanded="false"
            class="bx--accordion__heading"
            type="button"
          >
            <svg
              aria-hidden="true"
              class="bx--accordion__arrow"
              fill="currentColor"
              focusable="false"
              height="16"
              preserveAspectRatio="xMidYMid meet"
              viewBox="0 0 16 16"
              width="16"
              xmlns="http://www.w3.org/2000/svg"
            >
              <path
                d="M11 8L6 13 5.3 12.3 9.6 8 5.3 3.7 6 3z"
              />
            </svg>
            <div
              class="bx--accordion__title"
              dir="auto"
            >
              <div
                class=" allergies-row allergies-red-text"
              >
                <div>
                  Bee
                </div>
                <div>
                  Hives, Itching, Fever
                </div>
                <div
                  class="capitalize"
                >
                  severe
                </div>
              </div>
            </div>
          </button>
          <div
            class="bx--accordion__content"
            id="accordion-item-1"
          >
            <div
              class="allergies-accordion-item"
            >
              <div />
              <div
                class="allergy-provider"
              >
                Dr. John Doe
              </div>
            </div>
          </div>
        </li>
      </ul>
      <ul
        class="bx--accordion bx--accordion--end bx--accordion--md"
      >
        <li
          class="bx--accordion__item"
        >
          <button
            aria-controls="accordion-item-2"
            aria-expanded="false"
            class="bx--accordion__heading"
            type="button"
          >
            <svg
              aria-hidden="true"
              class="bx--accordion__arrow"
              fill="currentColor"
              focusable="false"
              height="16"
              preserveAspectRatio="xMidYMid meet"
              viewBox="0 0 16 16"
              width="16"
              xmlns="http://www.w3.org/2000/svg"
            >
              <path
                d="M11 8L6 13 5.3 12.3 9.6 8 5.3 3.7 6 3z"
              />
            </svg>
            <div
              class="bx--accordion__title"
              dir="auto"
            >
              <div
                class=" allergies-row "
              >
                <div>
                  Peanuts
                </div>
                <div>
                  Dizziness, Fever
                </div>
                <div
                  class="capitalize"
                >
                  mild
                </div>
              </div>
            </div>
          </button>
          <div
            class="bx--accordion__content"
            id="accordion-item-2"
          >
            <div
              class="allergies-accordion-item"
            >
              <div>
                <div
                  class="allergies-row-note"
                >
                  <svg
                    aria-hidden="true"
                    fill="currentColor"
                    focusable="false"
                    height="20"
                    preserveAspectRatio="xMidYMid meet"
                    viewBox="0 0 32 32"
                    width="20"
                    xmlns="http://www.w3.org/2000/svg"
                  >
                    <path
                      d="M25.7,9.3l-7-7C18.5,2.1,18.3,2,18,2H8C6.9,2,6,2.9,6,4v24c0,1.1,0.9,2,2,2h16c1.1,0,2-0.9,2-2V10C26,9.7,25.9,9.5,25.7,9.3 z M18,4.4l5.6,5.6H18V4.4z M24,28H8V4h8v6c0,1.1,0.9,2,2,2h6V28z"
                    />
                    <path
                      d="M10 22H22V24H10zM10 16H22V18H10z"
                    />
                  </svg>
                  Onset Date: 2023-10-01
                </div>
              </div>
              <div
                class="allergy-provider"
              >
                Dr. Jane
              </div>
            </div>
          </div>
        </li>
      </ul>
    </div>
  </div>
</div>
`;
